exports[`SearchForm renders as designed 1`] = `
<form onSubmit={[Function]}>
  <input placeholder="Search" value="" onChange={[Function]}
